{"id":"1","realTimeBalance":"523896000000000000000","tokenBalance":"999589930555552358180","deposit":"523896000000000000000000000","outFlow":"38580246913580","outStepAmount":"0","outStepTime":"13561384","outStreamCreated":"0","outStreamInit":"1674749091","outMinBalance":"0","outStreamId":"0x51391c0ff39377108a308cc8b348aae4c8aeb566b2626ed371f4b0969a9ea1e2","nextExecOut":"1688310475","inFlow":"0","inFlowDeposit":"0","timestamp":"1674749091"}