{"id":"1","realTimeBalance":"0","tokenBalance":"1002550627386234575471","deposit":"0","outFlow":"0","outStepAmount":"0","outStepTime":"0","outStreamCreated":"0","outStreamInit":"0","outMinBalance":"0","outStreamId":"0x0000000000000000000000000000000000000000000000000000000000000000","nextExecOut":"0","inFlow":"0","inFlowDeposit":"0","timestamp":"1695421162"}