{"id":"2","realTimeBalance":"602368509089270836199","tokenBalance":"398773919751309927632","deposit":"0","outStepAmount":"0","outStreamInit":"0","outStepTime":"0","outMinBalance":"0","outStreamCreated":"0","outStreamId":"0x0000000000000000000000000000000000000000000000000000000000000000","nextExecOut":"0","outFlow":"0","inFlow":"38580246913580","inFlowDeposit":"555555557335891968","timestamp":"1679851782"}