{"id":"2","realTimeBalance":"803364186636530352296","tokenBalance":"199329475308647099600","deposit":"803364186636530352296366020","outStepAmount":"0","outStreamInit":"1700605162","outStepTime":"34687332","outMinBalance":"0","outStreamCreated":"0","outStreamId":"0xe99934f569d66563d8cc62ed0c8ad6433cfc6cf18fa1900c72bb6b524d12604d","nextExecOut":"1735292494","outFlow":"23148148148148","inFlow":"0","inFlowDeposit":"0","timestamp":"1700605162"}