{"id":"2","realTimeBalance":"890626020018779280178","tokenBalance":"186798456790128341280","deposit":"890626020018779280178657064","outStepAmount":"0","outStreamInit":"1693494475","outStepTime":"40239377","outMinBalance":"0","outStreamCreated":"0","outStreamId":"0xab3a13e9e2869c7565350e75f1c78f561b680018bbe52855e8b856722344bb0a","nextExecOut":"1733733852","outFlow":"23148148148148","inFlow":"0","inFlowDeposit":"0","timestamp":"1696086475"}