{"id":"2","realTimeBalance":"684838561521838003985","tokenBalance":"319329475308646331600","deposit":"684838561521838003985542062","outStepAmount":"0","outStreamInit":"1705789162","outStepTime":"29567025","outMinBalance":"0","outStreamCreated":"0","outStreamId":"0xec00902ced218f0af8149d602f9b3e587abef4480b2b4f985423b70d651360c6","nextExecOut":"1735356187","outFlow":"23148148148148","inFlow":"0","inFlowDeposit":"0","timestamp":"1705789162"}