{"id":"1","realTimeBalance":"191538371743146922302","tokenBalance":"1368073495281141645524","deposit":"0","outFlow":"0","outStepAmount":"0","outStepTime":"0","outStreamCreated":"0","outStreamInit":"0","outMinBalance":"0","outStreamId":"0x0000000000000000000000000000000000000000000000000000000000000000","nextExecOut":"0","inFlow":"23148148148148","inFlowDeposit":"83333334888873984","timestamp":"1690902475"}