{"id":"2","realTimeBalance":"625469166789315399649","tokenBalance":"379329475308645947600","deposit":"625469166789315399649784931","outStepAmount":"0","outStreamInit":"1708381162","outStepTime":"40512402","outMinBalance":"0","outStreamCreated":"1708381162","outStreamId":"0xb8d9aa07fda6bf18aac1e401812c5b332014c1ab6aabfaee3a596065d7e06075","nextExecOut":"1748893564","outFlow":"15432098765432","inFlow":"0","inFlowDeposit":"0","timestamp":"1708381162"}