{"id":"1","realTimeBalance":"240684938621526237394","tokenBalance":"762217294050975582831","deposit":"0","outFlow":"0","outStepAmount":"0","outStepTime":"0","outStreamCreated":"0","outStreamInit":"0","outMinBalance":"0","outStreamId":"0x0000000000000000000000000000000000000000000000000000000000000000","nextExecOut":"0","inFlow":"23148148148148","inFlowDeposit":"333333335260528640","timestamp":"1698013162"}