{"id":"5","timestamp":"1698013162","poolTotalBalance":"704973952817216527992","poolBalance":"0","aaveBalance":"703093850122336772925","protocolYield":"149218584516534238","deposit":"0","depositFromInFlowRate":"700670524691353540400000000","depositFromOutFlowRate":"0","inFlowRate":"61728395061728","outFlowRate":"0","outFlowBuffer":"0","yieldTokenIndex":"7454","yieldInFlowRateIndex":"58922120855","yieldOutFlowRateIndex":"30658717048","yieldAccrued":"575245573374211736","yieldSnapshot":"703093850122336772925","totalYield":"4824734232701273754","apy":"0","apySpan":"23345390"}