{"id":"7","timestamp":"1703197162","poolTotalBalance":"916520795166797798685","poolBalance":"83333333333332800","aaveBalance":"914224025803324182181","protocolYield":"195623855004003078","deposit":"794105047183462791817204198","depositFromInFlowRate":"119999999999999232000000000","depositFromOutFlowRate":"0","inFlowRate":"23148148148148","outFlowRate":"23148148148148","outFlowBuffer":"83333333333332800","yieldTokenIndex":"8412","yieldInFlowRateIndex":"73547317384","yieldOutFlowRateIndex":"31901250303","yieldAccrued":"827745920781859078","yieldSnapshot":"914224025803324182180","totalYield":"6325171311796099607","apy":"0","apySpan":"28529390"}