{"id":"4","timestamp":"1695421162","poolTotalBalance":"604380916143635506409","poolBalance":"0","aaveBalance":"602500813448755751341","protocolYield":"131427484309084391","deposit":"0","depositFromInFlowRate":"600670524691354180400000000","depositFromOutFlowRate":"0","inFlowRate":"38580246913580","outFlowRate":"0","outFlowBuffer":"0","yieldTokenIndex":"7454","yieldInFlowRateIndex":"44011755594","yieldOutFlowRateIndex":"30658717048","yieldAccrued":"2841417817452316489","yieldSnapshot":"602500813448755751341","totalYield":"4249488659327062018","apy":"0","apySpan":"20753390"}