{"id":"9","timestamp":"1701270475","poolTotalBalance":"1045397975518826021390","poolBalance":"83333333851846528","aaveBalance":"1019893732","protocolYield":"5561939265564849761","deposit":"758037413195432964740070230","depositFromInFlowRate":"239999999999998464000000000","depositFromOutFlowRate":"0","inFlowRate":"23148148148148","outFlowRate":"15432098765432","outFlowBuffer":"55555555555555200","yieldTokenIndex":"209772","yieldInFlowRateIndex":"1964551524433","yieldOutFlowRateIndex":"725808479428","yieldAccrued":"22836537340000000000","yieldSnapshot":"1019893731777777777600","totalYield":"179836036253263475629","apy":"0","apySpan":"34297404"}