{"id":"3","timestamp":"1682443782","poolTotalBalance":"601451619424612499720","poolBalance":"138888887108548032","aaveBalance":"600757174980168059722","protocolYield":"43548582738394191","deposit":"501365000000000000000000000","depositFromInFlowRate":"99999999999999360000000000","depositFromOutFlowRate":"0","inFlowRate":"38580246913580","outFlowRate":"38580246913580","outFlowBuffer":"138888888888888000","yieldTokenIndex":"2730","yieldInFlowRateIndex":"1105975643","yieldOutFlowRateIndex":"0","yieldAccrued":"469356947291581843","yieldSnapshot":"600757174980168059722","totalYield":"1408070841874745529","apy":"0","apySpan":"7776010"}