{"id":"6","timestamp":"1700605162","poolTotalBalance":"865667448856713407883","poolBalance":"83333331406135360","aaveBalance":"863370679495166988817","protocolYield":"170023465701471354","deposit":"803364186636530352296366020","depositFromInFlowRate":"59999999999999616000000000","depositFromOutFlowRate":"0","inFlowRate":"23148148148148","outFlowRate":"23148148148148","outFlowBuffer":"83333333333332800","yieldTokenIndex":"7454","yieldInFlowRateIndex":"69819717619","yieldOutFlowRateIndex":"30658717048","yieldAccrued":"672691158312966775","yieldSnapshot":"863370679495166988817","totalYield":"5497425391014240529","apy":"0","apySpan":"25937390"}