{"id":"8","timestamp":"1705789162","poolTotalBalance":"867426309100854515475","poolBalance":"83333333333332800","aaveBalance":"865129539737380898971","protocolYield":"222789273025704581","deposit":"684838561521838003985542062","depositFromInFlowRate":"179999999999998848000000000","depositFromOutFlowRate":"0","inFlowRate":"23148148148148","outFlowRate":"23148148148148","outFlowBuffer":"83333333333332800","yieldTokenIndex":"9372","yieldInFlowRateIndex":"79773842881","yieldOutFlowRateIndex":"33146555402","yieldAccrued":"878348516035015287","yieldSnapshot":"865129539737380898971","totalYield":"7203519827831114894","apy":"0","apySpan":"31121390"}